components/BookingModal.tsx(4,10): error TS2305: Module '"../types"' has no exported member 'EventType'.
components/BookingModal.tsx(4,21): error TS2305: Module '"../types"' has no exported member 'BookingTemplate'.
components/CalendarSection.tsx(151,12): error TS2678: Type '"Today"' is not comparable to type 'BookingStatus'.
components/CalendarSection.tsx(161,12): error TS2678: Type '"Today"' is not comparable to type 'BookingStatus'.
components/DynamicForm.tsx(4,10): error TS2305: Module '"../types"' has no exported member 'BookingFormCategory'.
components/DynamicForm.tsx(4,31): error TS2305: Module '"../types"' has no exported member 'BookingFormField'.
components/Settings/BookingSettings.tsx(9,10): error TS2305: Module '"../../types"' has no exported member 'BookingTemplate'.
components/Settings/BookingSettings.tsx(9,27): error TS2305: Module '"../../types"' has no exported member 'EventType'.
constants.tsx(3,19): error TS2305: Module '"./types"' has no exported member 'EventType'.
constants.tsx(7,14): error TS2741: Property 'phone' is missing in type '{ id: string; name: string; subdomain: string; logo_url: string; primary_color: string; secondary_color: string; tagline: string; address: string; gst_number: string; preferences: { autoGenerateInvoices: boolean; ... 4 more ...; cancellationPolicy: string; }; expenseCategories: string[]; bookingFormSchema: { ...; }[...' but required in type 'Organization'.
